CRITICAL - 2026-05-20 05:34:41 --> ErrorException: Undefined array key "prenom"
[Method: GET, Route: admin/historique]
in APPPATH/Views/admin/historique.php on line 18.
 1 APPPATH/Views/admin/historique.php(18): CodeIgniter\Debug\Exceptions->errorHandler()
 2 SYSTEMPATH/View/View.php(240): include('/home/aina/Documents/ITU/S4/EXERCICE/SYSTEME-INFO/ETU003893-ETU004213/app/Views/admin/historique.php')
 3 SYSTEMPATH/View/View.php(243): CodeIgniter\View\View->CodeIgniter\View\{closure}()
 4 SYSTEMPATH/Common.php(1250): CodeIgniter\View\View->render()
 5 APPPATH/Controllers/Admin.php(444): view()
 6 SYSTEMPATH/CodeIgniter.php(951): App\Controllers\Admin->historique()
 7 SYSTEMPATH/CodeIgniter.php(497): CodeIgniter\CodeIgniter->runController()
 8 SYSTEMPATH/CodeIgniter.php(340): CodeIgniter\CodeIgniter->handleRequest()
 9 SYSTEMPATH/Boot.php(417): CodeIgniter\CodeIgniter->run()
10 SYSTEMPATH/Boot.php(68): CodeIgniter\Boot::runCodeIgniter()
11 FCPATH/index.php(59): CodeIgniter\Boot::bootWeb()
CRITICAL - 2026-05-20 05:36:45 --> ErrorException: Undefined array key "prenom"
[Method: GET, Route: admin/historique]
in APPPATH/Views/admin/historique.php on line 18.
 1 APPPATH/Views/admin/historique.php(18): CodeIgniter\Debug\Exceptions->errorHandler()
 2 SYSTEMPATH/View/View.php(240): include('/home/aina/Documents/ITU/S4/EXERCICE/SYSTEME-INFO/ETU003893-ETU004213/app/Views/admin/historique.php')
 3 SYSTEMPATH/View/View.php(243): CodeIgniter\View\View->CodeIgniter\View\{closure}()
 4 SYSTEMPATH/Common.php(1250): CodeIgniter\View\View->render()
 5 APPPATH/Controllers/Admin.php(444): view()
 6 SYSTEMPATH/CodeIgniter.php(951): App\Controllers\Admin->historique()
 7 SYSTEMPATH/CodeIgniter.php(497): CodeIgniter\CodeIgniter->runController()
 8 SYSTEMPATH/CodeIgniter.php(340): CodeIgniter\CodeIgniter->handleRequest()
 9 SYSTEMPATH/Boot.php(417): CodeIgniter\CodeIgniter->run()
10 SYSTEMPATH/Boot.php(68): CodeIgniter\Boot::runCodeIgniter()
11 FCPATH/index.php(59): CodeIgniter\Boot::bootWeb()
CRITICAL - 2026-05-20 05:38:35 --> ErrorException: Undefined array key "nom"
[Method: GET, Route: admin/historique]
in APPPATH/Views/admin/historique.php on line 27.
 1 APPPATH/Views/admin/historique.php(27): CodeIgniter\Debug\Exceptions->errorHandler()
 2 SYSTEMPATH/View/View.php(240): include('/home/aina/Documents/ITU/S4/EXERCICE/SYSTEME-INFO/ETU003893-ETU004213/app/Views/admin/historique.php')
 3 SYSTEMPATH/View/View.php(243): CodeIgniter\View\View->CodeIgniter\View\{closure}()
 4 SYSTEMPATH/Common.php(1250): CodeIgniter\View\View->render()
 5 APPPATH/Controllers/Admin.php(444): view()
 6 SYSTEMPATH/CodeIgniter.php(951): App\Controllers\Admin->historique()
 7 SYSTEMPATH/CodeIgniter.php(497): CodeIgniter\CodeIgniter->runController()
 8 SYSTEMPATH/CodeIgniter.php(340): CodeIgniter\CodeIgniter->handleRequest()
 9 SYSTEMPATH/Boot.php(417): CodeIgniter\CodeIgniter->run()
10 SYSTEMPATH/Boot.php(68): CodeIgniter\Boot::runCodeIgniter()
11 FCPATH/index.php(59): CodeIgniter\Boot::bootWeb()
CRITICAL - 2026-05-20 05:38:36 --> ErrorException: Undefined array key "nom"
[Method: GET, Route: admin/historique]
in APPPATH/Views/admin/historique.php on line 27.
 1 APPPATH/Views/admin/historique.php(27): CodeIgniter\Debug\Exceptions->errorHandler()
 2 SYSTEMPATH/View/View.php(240): include('/home/aina/Documents/ITU/S4/EXERCICE/SYSTEME-INFO/ETU003893-ETU004213/app/Views/admin/historique.php')
 3 SYSTEMPATH/View/View.php(243): CodeIgniter\View\View->CodeIgniter\View\{closure}()
 4 SYSTEMPATH/Common.php(1250): CodeIgniter\View\View->render()
 5 APPPATH/Controllers/Admin.php(444): view()
 6 SYSTEMPATH/CodeIgniter.php(951): App\Controllers\Admin->historique()
 7 SYSTEMPATH/CodeIgniter.php(497): CodeIgniter\CodeIgniter->runController()
 8 SYSTEMPATH/CodeIgniter.php(340): CodeIgniter\CodeIgniter->handleRequest()
 9 SYSTEMPATH/Boot.php(417): CodeIgniter\CodeIgniter->run()
10 SYSTEMPATH/Boot.php(68): CodeIgniter\Boot::runCodeIgniter()
11 FCPATH/index.php(59): CodeIgniter\Boot::bootWeb()
CRITICAL - 2026-05-20 05:38:36 --> ErrorException: Undefined array key "nom"
[Method: GET, Route: admin/historique]
in APPPATH/Views/admin/historique.php on line 27.
 1 APPPATH/Views/admin/historique.php(27): CodeIgniter\Debug\Exceptions->errorHandler()
 2 SYSTEMPATH/View/View.php(240): include('/home/aina/Documents/ITU/S4/EXERCICE/SYSTEME-INFO/ETU003893-ETU004213/app/Views/admin/historique.php')
 3 SYSTEMPATH/View/View.php(243): CodeIgniter\View\View->CodeIgniter\View\{closure}()
 4 SYSTEMPATH/Common.php(1250): CodeIgniter\View\View->render()
 5 APPPATH/Controllers/Admin.php(444): view()
 6 SYSTEMPATH/CodeIgniter.php(951): App\Controllers\Admin->historique()
 7 SYSTEMPATH/CodeIgniter.php(497): CodeIgniter\CodeIgniter->runController()
 8 SYSTEMPATH/CodeIgniter.php(340): CodeIgniter\CodeIgniter->handleRequest()
 9 SYSTEMPATH/Boot.php(417): CodeIgniter\CodeIgniter->run()
10 SYSTEMPATH/Boot.php(68): CodeIgniter\Boot::runCodeIgniter()
11 FCPATH/index.php(59): CodeIgniter\Boot::bootWeb()
CRITICAL - 2026-05-20 05:38:36 --> ErrorException: Undefined array key "nom"
[Method: GET, Route: admin/historique]
in APPPATH/Views/admin/historique.php on line 27.
 1 APPPATH/Views/admin/historique.php(27): CodeIgniter\Debug\Exceptions->errorHandler()
 2 SYSTEMPATH/View/View.php(240): include('/home/aina/Documents/ITU/S4/EXERCICE/SYSTEME-INFO/ETU003893-ETU004213/app/Views/admin/historique.php')
 3 SYSTEMPATH/View/View.php(243): CodeIgniter\View\View->CodeIgniter\View\{closure}()
 4 SYSTEMPATH/Common.php(1250): CodeIgniter\View\View->render()
 5 APPPATH/Controllers/Admin.php(444): view()
 6 SYSTEMPATH/CodeIgniter.php(951): App\Controllers\Admin->historique()
 7 SYSTEMPATH/CodeIgniter.php(497): CodeIgniter\CodeIgniter->runController()
 8 SYSTEMPATH/CodeIgniter.php(340): CodeIgniter\CodeIgniter->handleRequest()
 9 SYSTEMPATH/Boot.php(417): CodeIgniter\CodeIgniter->run()
10 SYSTEMPATH/Boot.php(68): CodeIgniter\Boot::runCodeIgniter()
11 FCPATH/index.php(59): CodeIgniter\Boot::bootWeb()
CRITICAL - 2026-05-20 05:38:40 --> ErrorException: Undefined array key "nom"
[Method: GET, Route: admin/historique]
in APPPATH/Views/admin/historique.php on line 27.
 1 APPPATH/Views/admin/historique.php(27): CodeIgniter\Debug\Exceptions->errorHandler()
 2 SYSTEMPATH/View/View.php(240): include('/home/aina/Documents/ITU/S4/EXERCICE/SYSTEME-INFO/ETU003893-ETU004213/app/Views/admin/historique.php')
 3 SYSTEMPATH/View/View.php(243): CodeIgniter\View\View->CodeIgniter\View\{closure}()
 4 SYSTEMPATH/Common.php(1250): CodeIgniter\View\View->render()
 5 APPPATH/Controllers/Admin.php(444): view()
 6 SYSTEMPATH/CodeIgniter.php(951): App\Controllers\Admin->historique()
 7 SYSTEMPATH/CodeIgniter.php(497): CodeIgniter\CodeIgniter->runController()
 8 SYSTEMPATH/CodeIgniter.php(340): CodeIgniter\CodeIgniter->handleRequest()
 9 SYSTEMPATH/Boot.php(417): CodeIgniter\CodeIgniter->run()
10 SYSTEMPATH/Boot.php(68): CodeIgniter\Boot::runCodeIgniter()
11 FCPATH/index.php(59): CodeIgniter\Boot::bootWeb()
