CRITICAL - 2026-05-10 18:18:13 --> CodeIgniter\Filters\Exceptions\FilterException: "auth" filter must have a matching alias defined.
[Method: GET, Route: /]
in SYSTEMPATH/Filters/Filters.php on line 842.
 1 SYSTEMPATH/Filters/Filters.php(842): CodeIgniter\Filters\Exceptions\FilterException::forNoAlias()
 2 SYSTEMPATH/Filters/Filters.php(487): CodeIgniter\Filters\Filters->processAliasesToClass()
 3 SYSTEMPATH/Filters/Filters.php(218): CodeIgniter\Filters\Filters->initialize()
 4 SYSTEMPATH/CodeIgniter.php(465): CodeIgniter\Filters\Filters->run()
 5 SYSTEMPATH/CodeIgniter.php(340): CodeIgniter\CodeIgniter->handleRequest()
 6 SYSTEMPATH/Boot.php(417): CodeIgniter\CodeIgniter->run()
 7 SYSTEMPATH/Boot.php(68): CodeIgniter\Boot::runCodeIgniter()
 8 FCPATH/index.php(59): CodeIgniter\Boot::bootWeb()
CRITICAL - 2026-05-10 18:18:46 --> CodeIgniter\Filters\Exceptions\FilterException: "auth" filter must have a matching alias defined.
[Method: GET, Route: inscription/step1]
in SYSTEMPATH/Filters/Filters.php on line 842.
 1 SYSTEMPATH/Filters/Filters.php(842): CodeIgniter\Filters\Exceptions\FilterException::forNoAlias()
 2 SYSTEMPATH/Filters/Filters.php(487): CodeIgniter\Filters\Filters->processAliasesToClass()
 3 SYSTEMPATH/Filters/Filters.php(218): CodeIgniter\Filters\Filters->initialize()
 4 SYSTEMPATH/CodeIgniter.php(465): CodeIgniter\Filters\Filters->run()
 5 SYSTEMPATH/CodeIgniter.php(340): CodeIgniter\CodeIgniter->handleRequest()
 6 SYSTEMPATH/Boot.php(417): CodeIgniter\CodeIgniter->run()
 7 SYSTEMPATH/Boot.php(68): CodeIgniter\Boot::runCodeIgniter()
 8 FCPATH/index.php(59): CodeIgniter\Boot::bootWeb()
CRITICAL - 2026-05-10 18:18:54 --> CodeIgniter\Filters\Exceptions\FilterException: "auth" filter must have a matching alias defined.
[Method: GET, Route: connexion]
in SYSTEMPATH/Filters/Filters.php on line 842.
 1 SYSTEMPATH/Filters/Filters.php(842): CodeIgniter\Filters\Exceptions\FilterException::forNoAlias()
 2 SYSTEMPATH/Filters/Filters.php(487): CodeIgniter\Filters\Filters->processAliasesToClass()
 3 SYSTEMPATH/Filters/Filters.php(218): CodeIgniter\Filters\Filters->initialize()
 4 SYSTEMPATH/CodeIgniter.php(465): CodeIgniter\Filters\Filters->run()
 5 SYSTEMPATH/CodeIgniter.php(340): CodeIgniter\CodeIgniter->handleRequest()
 6 SYSTEMPATH/Boot.php(417): CodeIgniter\CodeIgniter->run()
 7 SYSTEMPATH/Boot.php(68): CodeIgniter\Boot::runCodeIgniter()
 8 FCPATH/index.php(59): CodeIgniter\Boot::bootWeb()
CRITICAL - 2026-05-10 18:26:54 --> CodeIgniter\Filters\Exceptions\FilterException: "auth" filter must have a matching alias defined.
[Method: GET, Route: connexion]
in SYSTEMPATH/Filters/Filters.php on line 842.
 1 SYSTEMPATH/Filters/Filters.php(842): CodeIgniter\Filters\Exceptions\FilterException::forNoAlias()
 2 SYSTEMPATH/Filters/Filters.php(487): CodeIgniter\Filters\Filters->processAliasesToClass()
 3 SYSTEMPATH/Filters/Filters.php(218): CodeIgniter\Filters\Filters->initialize()
 4 SYSTEMPATH/CodeIgniter.php(465): CodeIgniter\Filters\Filters->run()
 5 SYSTEMPATH/CodeIgniter.php(340): CodeIgniter\CodeIgniter->handleRequest()
 6 SYSTEMPATH/Boot.php(417): CodeIgniter\CodeIgniter->run()
 7 SYSTEMPATH/Boot.php(68): CodeIgniter\Boot::runCodeIgniter()
 8 FCPATH/index.php(59): CodeIgniter\Boot::bootWeb()
CRITICAL - 2026-05-10 18:26:55 --> CodeIgniter\Filters\Exceptions\FilterException: "auth" filter must have a matching alias defined.
[Method: GET, Route: connexion]
in SYSTEMPATH/Filters/Filters.php on line 842.
 1 SYSTEMPATH/Filters/Filters.php(842): CodeIgniter\Filters\Exceptions\FilterException::forNoAlias()
 2 SYSTEMPATH/Filters/Filters.php(487): CodeIgniter\Filters\Filters->processAliasesToClass()
 3 SYSTEMPATH/Filters/Filters.php(218): CodeIgniter\Filters\Filters->initialize()
 4 SYSTEMPATH/CodeIgniter.php(465): CodeIgniter\Filters\Filters->run()
 5 SYSTEMPATH/CodeIgniter.php(340): CodeIgniter\CodeIgniter->handleRequest()
 6 SYSTEMPATH/Boot.php(417): CodeIgniter\CodeIgniter->run()
 7 SYSTEMPATH/Boot.php(68): CodeIgniter\Boot::runCodeIgniter()
 8 FCPATH/index.php(59): CodeIgniter\Boot::bootWeb()
CRITICAL - 2026-05-10 18:26:55 --> CodeIgniter\Filters\Exceptions\FilterException: "auth" filter must have a matching alias defined.
[Method: GET, Route: connexion]
in SYSTEMPATH/Filters/Filters.php on line 842.
 1 SYSTEMPATH/Filters/Filters.php(842): CodeIgniter\Filters\Exceptions\FilterException::forNoAlias()
 2 SYSTEMPATH/Filters/Filters.php(487): CodeIgniter\Filters\Filters->processAliasesToClass()
 3 SYSTEMPATH/Filters/Filters.php(218): CodeIgniter\Filters\Filters->initialize()
 4 SYSTEMPATH/CodeIgniter.php(465): CodeIgniter\Filters\Filters->run()
 5 SYSTEMPATH/CodeIgniter.php(340): CodeIgniter\CodeIgniter->handleRequest()
 6 SYSTEMPATH/Boot.php(417): CodeIgniter\CodeIgniter->run()
 7 SYSTEMPATH/Boot.php(68): CodeIgniter\Boot::runCodeIgniter()
 8 FCPATH/index.php(59): CodeIgniter\Boot::bootWeb()
CRITICAL - 2026-05-10 18:26:55 --> CodeIgniter\Filters\Exceptions\FilterException: "auth" filter must have a matching alias defined.
[Method: GET, Route: connexion]
in SYSTEMPATH/Filters/Filters.php on line 842.
 1 SYSTEMPATH/Filters/Filters.php(842): CodeIgniter\Filters\Exceptions\FilterException::forNoAlias()
 2 SYSTEMPATH/Filters/Filters.php(487): CodeIgniter\Filters\Filters->processAliasesToClass()
 3 SYSTEMPATH/Filters/Filters.php(218): CodeIgniter\Filters\Filters->initialize()
 4 SYSTEMPATH/CodeIgniter.php(465): CodeIgniter\Filters\Filters->run()
 5 SYSTEMPATH/CodeIgniter.php(340): CodeIgniter\CodeIgniter->handleRequest()
 6 SYSTEMPATH/Boot.php(417): CodeIgniter\CodeIgniter->run()
 7 SYSTEMPATH/Boot.php(68): CodeIgniter\Boot::runCodeIgniter()
 8 FCPATH/index.php(59): CodeIgniter\Boot::bootWeb()
CRITICAL - 2026-05-10 18:26:55 --> CodeIgniter\Filters\Exceptions\FilterException: "auth" filter must have a matching alias defined.
[Method: GET, Route: connexion]
in SYSTEMPATH/Filters/Filters.php on line 842.
 1 SYSTEMPATH/Filters/Filters.php(842): CodeIgniter\Filters\Exceptions\FilterException::forNoAlias()
 2 SYSTEMPATH/Filters/Filters.php(487): CodeIgniter\Filters\Filters->processAliasesToClass()
 3 SYSTEMPATH/Filters/Filters.php(218): CodeIgniter\Filters\Filters->initialize()
 4 SYSTEMPATH/CodeIgniter.php(465): CodeIgniter\Filters\Filters->run()
 5 SYSTEMPATH/CodeIgniter.php(340): CodeIgniter\CodeIgniter->handleRequest()
 6 SYSTEMPATH/Boot.php(417): CodeIgniter\CodeIgniter->run()
 7 SYSTEMPATH/Boot.php(68): CodeIgniter\Boot::runCodeIgniter()
 8 FCPATH/index.php(59): CodeIgniter\Boot::bootWeb()
CRITICAL - 2026-05-10 18:26:56 --> CodeIgniter\Filters\Exceptions\FilterException: "auth" filter must have a matching alias defined.
[Method: GET, Route: connexion]
in SYSTEMPATH/Filters/Filters.php on line 842.
 1 SYSTEMPATH/Filters/Filters.php(842): CodeIgniter\Filters\Exceptions\FilterException::forNoAlias()
 2 SYSTEMPATH/Filters/Filters.php(487): CodeIgniter\Filters\Filters->processAliasesToClass()
 3 SYSTEMPATH/Filters/Filters.php(218): CodeIgniter\Filters\Filters->initialize()
 4 SYSTEMPATH/CodeIgniter.php(465): CodeIgniter\Filters\Filters->run()
 5 SYSTEMPATH/CodeIgniter.php(340): CodeIgniter\CodeIgniter->handleRequest()
 6 SYSTEMPATH/Boot.php(417): CodeIgniter\CodeIgniter->run()
 7 SYSTEMPATH/Boot.php(68): CodeIgniter\Boot::runCodeIgniter()
 8 FCPATH/index.php(59): CodeIgniter\Boot::bootWeb()
CRITICAL - 2026-05-10 18:27:11 --> CodeIgniter\Filters\Exceptions\FilterException: "auth" filter must have a matching alias defined.
[Method: GET, Route: connexion]
in SYSTEMPATH/Filters/Filters.php on line 842.
 1 SYSTEMPATH/Filters/Filters.php(842): CodeIgniter\Filters\Exceptions\FilterException::forNoAlias()
 2 SYSTEMPATH/Filters/Filters.php(487): CodeIgniter\Filters\Filters->processAliasesToClass()
 3 SYSTEMPATH/Filters/Filters.php(218): CodeIgniter\Filters\Filters->initialize()
 4 SYSTEMPATH/CodeIgniter.php(465): CodeIgniter\Filters\Filters->run()
 5 SYSTEMPATH/CodeIgniter.php(340): CodeIgniter\CodeIgniter->handleRequest()
 6 SYSTEMPATH/Boot.php(417): CodeIgniter\CodeIgniter->run()
 7 SYSTEMPATH/Boot.php(68): CodeIgniter\Boot::runCodeIgniter()
 8 FCPATH/index.php(59): CodeIgniter\Boot::bootWeb()
